../Core/Src/main.c:102:6:DIGITS_Display	56	static
../Core/Src/main.c:192:6:HCSR04_TRIG_PULSE	16	static
../Core/Src/main.c:198:6:prompt_and_receive	16	static
../Core/Src/main.c:205:6:print_terminal	16	static
../Core/Src/main.c:210:6:display_water_level	24	static
../Core/Src/main.c:217:6:convert_option_to_pwm	16	static
../Core/Src/main.c:229:6:setLEDState	16	static
../Core/Src/main.c:257:6:ADC_Select_CH	32	static
../Core/Src/main.c:397:5:main	72	static
../Core/Src/main.c:683:6:SystemClock_Config	88	static
../Core/Src/main.c:725:13:MX_ADC1_Init	24	static
../Core/Src/main.c:777:13:MX_TIM2_Init	64	static
../Core/Src/main.c:836:13:MX_TIM3_Init	64	static
../Core/Src/main.c:900:13:MX_TIM5_Init	32	static
../Core/Src/main.c:945:13:MX_TIM10_Init	24	static
../Core/Src/main.c:990:13:MX_USART2_UART_Init	8	static
../Core/Src/main.c:1023:13:MX_USART6_UART_Init	8	static
../Core/Src/main.c:1056:13:MX_GPIO_Init	48	static
../Core/Src/main.c:1122:6:HAL_UART_RxCpltCallback	16	static
../Core/Src/main.c:1141:6:HAL_TIM_PeriodElapsedCallback	16	static
../Core/Src/main.c:1159:6:HAL_TIM_IC_CaptureCallback	16	static
../Core/Src/main.c:1174:6:HAL_GPIO_EXTI_Callback	16	static
../Core/Src/main.c:1185:6:Error_Handler	4	static,ignoring_inline_asm
